==========================================
SLURM_JOB_ID = 14541847
SLURM_SUBMIT_DIR = /home/skwok1/dagrad/benchmark
SLURM_JOB_NODELIST = mcn53
==========================================
Defaulting to user installation because normal site-packages is not writeable
Obtaining file:///home/skwok1/dagrad
  Preparing metadata (setup.py): started
  Preparing metadata (setup.py): finished with status 'done'
Collecting notears@ git+https://github.com/xunzheng/notears.git (from dagrad==0.0.1)
  Cloning https://github.com/xunzheng/notears.git to /hpc_temp/pip-install-ay4aqjtm/notears_3d8f31fade1f4a92a0197ecebd5b33c2
  Resolved https://github.com/xunzheng/notears.git to commit eb06eaf08ca90501a8caa4062d62466747ba3cec
  Preparing metadata (setup.py): started
  Preparing metadata (setup.py): finished with status 'done'
Requirement already satisfied: numpy in /apps/python/RHEL8/3.12/3.12.9/lib/python3.12/site-packages (from dagrad==0.0.1) (1.26.4)
Requirement already satisfied: dagma in /home/skwok1/.local/lib/python3.12/site-packages (from dagrad==0.0.1) (1.1.1)
Requirement already satisfied: scipy in /apps/python/RHEL8/3.12/3.12.9/lib/python3.12/site-packages (from dagrad==0.0.1) (1.15.2)
Requirement already satisfied: python-igraph in /home/skwok1/.local/lib/python3.12/site-packages (from dagrad==0.0.1) (0.11.8)
Requirement already satisfied: torch in /apps/python/RHEL8/3.12/3.12.9/lib/python3.12/site-packages (from dagrad==0.0.1) (2.6.0)
Requirement already satisfied: scikit-learn in /apps/python/RHEL8/3.12/3.12.9/lib/python3.12/site-packages (from dagrad==0.0.1) (1.6.1)
Requirement already satisfied: tqdm in /apps/python/RHEL8/3.12/3.12.9/lib/python3.12/site-packages (from dagma->dagrad==0.0.1) (4.67.1)
Requirement already satisfied: igraph in /home/skwok1/.local/lib/python3.12/site-packages (from dagma->dagrad==0.0.1) (0.11.8)
Requirement already satisfied: texttable>=1.6.2 in /home/skwok1/.local/lib/python3.12/site-packages (from igraph->dagma->dagrad==0.0.1) (1.7.0)
Requirement already satisfied: joblib>=1.2.0 in /apps/python/RHEL8/3.12/3.12.9/lib/python3.12/site-packages (from scikit-learn->dagrad==0.0.1) (1.4.2)
Requirement already satisfied: threadpoolctl>=3.1.0 in /apps/python/RHEL8/3.12/3.12.9/lib/python3.12/site-packages (from scikit-learn->dagrad==0.0.1) (3.6.0)
Requirement already satisfied: filelock in /apps/python/RHEL8/3.12/3.12.9/lib/python3.12/site-packages (from torch->dagrad==0.0.1) (3.18.0)
Requirement already satisfied: typing-extensions>=4.10.0 in /apps/python/RHEL8/3.12/3.12.9/lib/python3.12/site-packages (from torch->dagrad==0.0.1) (4.13.0)
Requirement already satisfied: networkx in /apps/python/RHEL8/3.12/3.12.9/lib/python3.12/site-packages (from torch->dagrad==0.0.1) (3.4.2)
Requirement already satisfied: jinja2 in /apps/python/RHEL8/3.12/3.12.9/lib/python3.12/site-packages (from torch->dagrad==0.0.1) (3.1.6)
Requirement already satisfied: fsspec in /apps/python/RHEL8/3.12/3.12.9/lib/python3.12/site-packages (from torch->dagrad==0.0.1) (2025.3.0)
Requirement already satisfied: nvidia-cuda-nvrtc-cu12==12.4.127 in /apps/python/RHEL8/3.12/3.12.9/lib/python3.12/site-packages (from torch->dagrad==0.0.1) (12.4.127)
Requirement already satisfied: nvidia-cuda-runtime-cu12==12.4.127 in /apps/python/RHEL8/3.12/3.12.9/lib/python3.12/site-packages (from torch->dagrad==0.0.1) (12.4.127)
Requirement already satisfied: nvidia-cuda-cupti-cu12==12.4.127 in /apps/python/RHEL8/3.12/3.12.9/lib/python3.12/site-packages (from torch->dagrad==0.0.1) (12.4.127)
Requirement already satisfied: nvidia-cudnn-cu12==9.1.0.70 in /apps/python/RHEL8/3.12/3.12.9/lib/python3.12/site-packages (from torch->dagrad==0.0.1) (9.1.0.70)
Requirement already satisfied: nvidia-cublas-cu12==12.4.5.8 in /apps/python/RHEL8/3.12/3.12.9/lib/python3.12/site-packages (from torch->dagrad==0.0.1) (12.4.5.8)
Requirement already satisfied: nvidia-cufft-cu12==11.2.1.3 in /apps/python/RHEL8/3.12/3.12.9/lib/python3.12/site-packages (from torch->dagrad==0.0.1) (11.2.1.3)
Requirement already satisfied: nvidia-curand-cu12==10.3.5.147 in /apps/python/RHEL8/3.12/3.12.9/lib/python3.12/site-packages (from torch->dagrad==0.0.1) (10.3.5.147)
Requirement already satisfied: nvidia-cusolver-cu12==11.6.1.9 in /apps/python/RHEL8/3.12/3.12.9/lib/python3.12/site-packages (from torch->dagrad==0.0.1) (11.6.1.9)
Requirement already satisfied: nvidia-cusparse-cu12==12.3.1.170 in /apps/python/RHEL8/3.12/3.12.9/lib/python3.12/site-packages (from torch->dagrad==0.0.1) (12.3.1.170)
Requirement already satisfied: nvidia-cusparselt-cu12==0.6.2 in /apps/python/RHEL8/3.12/3.12.9/lib/python3.12/site-packages (from torch->dagrad==0.0.1) (0.6.2)
Requirement already satisfied: nvidia-nccl-cu12==2.21.5 in /apps/python/RHEL8/3.12/3.12.9/lib/python3.12/site-packages (from torch->dagrad==0.0.1) (2.21.5)
Requirement already satisfied: nvidia-nvtx-cu12==12.4.127 in /apps/python/RHEL8/3.12/3.12.9/lib/python3.12/site-packages (from torch->dagrad==0.0.1) (12.4.127)
Requirement already satisfied: nvidia-nvjitlink-cu12==12.4.127 in /apps/python/RHEL8/3.12/3.12.9/lib/python3.12/site-packages (from torch->dagrad==0.0.1) (12.4.127)
Requirement already satisfied: triton==3.2.0 in /apps/python/RHEL8/3.12/3.12.9/lib/python3.12/site-packages (from torch->dagrad==0.0.1) (3.2.0)
Requirement already satisfied: setuptools in /apps/python/RHEL8/3.12/3.12.9/lib/python3.12/site-packages (from torch->dagrad==0.0.1) (78.1.0)
Requirement already satisfied: sympy==1.13.1 in /apps/python/RHEL8/3.12/3.12.9/lib/python3.12/site-packages (from torch->dagrad==0.0.1) (1.13.1)
Requirement already satisfied: mpmath<1.4,>=1.1.0 in /apps/python/RHEL8/3.12/3.12.9/lib/python3.12/site-packages (from sympy==1.13.1->torch->dagrad==0.0.1) (1.3.0)
Requirement already satisfied: MarkupSafe>=2.0 in /apps/python/RHEL8/3.12/3.12.9/lib/python3.12/site-packages (from jinja2->torch->dagrad==0.0.1) (3.0.2)
Installing collected packages: dagrad
  Attempting uninstall: dagrad
    Found existing installation: dagrad 0.0.1
    Uninstalling dagrad-0.0.1:
      Successfully uninstalled dagrad-0.0.1
  Running setup.py develop for dagrad
Successfully installed dagrad-0.0.1
Defaulting to user installation because normal site-packages is not writeable
Requirement already satisfied: matplotlib in /apps/python/RHEL8/3.12/3.12.9/lib/python3.12/site-packages (3.10.1)
Requirement already satisfied: contourpy>=1.0.1 in /apps/python/RHEL8/3.12/3.12.9/lib/python3.12/site-packages (from matplotlib) (1.3.1)
Requirement already satisfied: cycler>=0.10 in /apps/python/RHEL8/3.12/3.12.9/lib/python3.12/site-packages (from matplotlib) (0.12.1)
Requirement already satisfied: fonttools>=4.22.0 in /apps/python/RHEL8/3.12/3.12.9/lib/python3.12/site-packages (from matplotlib) (4.56.0)
Requirement already satisfied: kiwisolver>=1.3.1 in /apps/python/RHEL8/3.12/3.12.9/lib/python3.12/site-packages (from matplotlib) (1.4.8)
Requirement already satisfied: numpy>=1.23 in /apps/python/RHEL8/3.12/3.12.9/lib/python3.12/site-packages (from matplotlib) (1.26.4)
Requirement already satisfied: packaging>=20.0 in /apps/python/RHEL8/3.12/3.12.9/lib/python3.12/site-packages (from matplotlib) (24.2)
Requirement already satisfied: pillow>=8 in /apps/python/RHEL8/3.12/3.12.9/lib/python3.12/site-packages (from matplotlib) (11.1.0)
Requirement already satisfied: pyparsing>=2.3.1 in /apps/python/RHEL8/3.12/3.12.9/lib/python3.12/site-packages (from matplotlib) (3.2.3)
Requirement already satisfied: python-dateutil>=2.7 in /apps/python/RHEL8/3.12/3.12.9/lib/python3.12/site-packages (from matplotlib) (2.9.0.post0)
Requirement already satisfied: six>=1.5 in /apps/python/RHEL8/3.12/3.12.9/lib/python3.12/site-packages (from python-dateutil>=2.7->matplotlib) (1.17.0)
Running benchmark
Detected 64 CPU cores. Running benchmarks in parallel.
Using Original DAGMA Implementation for Linear Model
Using Original DAGMA Implementation for Linear Model
Using Original DAGMA Implementation for Linear Model
Using Original DAGMA Implementation for Linear Model
Using Original DAGMA Implementation for Linear Model
Using Original DAGMA Implementation for Linear Model
Using Original DAGMA Implementation for Linear Model
Using Original DAGMA Implementation for Linear Model
Using Original DAGMA Implementation for Linear Model
Using Original DAGMA Implementation for Linear Model
Using Original DAGMA Implementation for Linear Model
Using Original DAGMA Implementation for Linear Model
Using Original DAGMA Implementation for Linear Model
Using Original DAGMA Implementation for Linear Model
Using Original DAGMA Implementation for Linear Model
Using Original DAGMA Implementation for Linear Model
Using Original DAGMA Implementation for Linear Model
Using Original DAGMA Implementation for Linear Model
Using Original DAGMA Implementation for Linear Model
Using Original DAGMA Implementation for Linear Model
Using Original DAGMA Implementation for Linear Model
Using Original DAGMA Implementation for Linear Model
Using Original DAGMA Implementation for Linear Model
Using Original DAGMA Implementation for Linear Model
Using Original DAGMA Implementation for Linear Model
Using Original DAGMA Implementation for Linear Model
Using Original DAGMA Implementation for Linear Model
Using Original DAGMA Implementation for Linear Model
Using Original DAGMA Implementation for Linear Model
Using Original DAGMA Implementation for Linear Model
Using Original DAGMA Implementation for Linear Model
Using Original DAGMA Implementation for Linear Model
Using Original DAGMA Implementation for Linear Model
Using Original DAGMA Implementation for Linear Model
Using Original DAGMA Implementation for Linear Model
Using Original DAGMA Implementation for Linear Model
Using Original DAGMA Implementation for Linear Model
Using Original DAGMA Implementation for Linear Model
Using Original DAGMA Implementation for Linear Model
Using Original DAGMA Implementation for Linear Model
Using Original DAGMA Implementation for Linear Model
Using Original DAGMA Implementation for Linear Model
Using Original DAGMA Implementation for Linear Model
Using Original DAGMA Implementation for Linear Model
Using Original DAGMA Implementation for Linear Model
Using Original DAGMA Implementation for Linear Model
Using Original DAGMA Implementation for Linear Model
Using Original DAGMA Implementation for Linear Model
Total Time: 46.9598822593689
Total Time: 52.71152997016907
Total Time: 54.980412006378174
Total Time: 53.091989517211914
Total Time: 56.756274938583374
Total Time: 57.85868000984192
Total Time: 61.005934953689575
Total Time: 61.03731608390808
Total Time: 61.48968958854675
Total Time: 63.345000982284546
Total Time: 65.0717134475708
Total Time: 65.72921323776245
Total Time: 66.81917476654053
Total Time: 67.53111791610718
Total Time: 69.81528377532959
Total Time: 69.554452419281
Total Time: 69.84704494476318
Total Time: 70.07478022575378
Total Time: 70.52025890350342
Total Time: 71.05215072631836
Total Time: 71.58257126808167
Total Time: 71.88830494880676
Total Time: 72.21514868736267
Total Time: 72.17628502845764
Total Time: 74.49193692207336
Total Time: 74.54464602470398
Total Time: 75.44173693656921
Total Time: 74.9233148097992
Total Time: 76.13504004478455
Total Time: 77.8355348110199
Total Time: 76.95381546020508
Total Time: 78.80904698371887
Total Time: 77.8596580028534
Total Time: 61.63544416427612
Total Time: 80.11861515045166
Total Time: 80.78394961357117
Total Time: 79.4368212223053
Total Time: 80.97670412063599
Total Time: 81.55907130241394
Total Time: 82.50981068611145
Total Time: 83.19594979286194
Total Time: 87.24769401550293
Total Time: 90.26564073562622
Total Time: 96.97118306159973
Total Time: 100.76932621002197
Total Time: 103.27475714683533
Total Time: 108.10203456878662
Total Time: 123.26443767547607
